******************************************************************************
             TMS320C2000 Linker PC v6.4.6                      
******************************************************************************
>> Linked Mon Jun 10 17:47:40 2019

OUTPUT FILE NAME:   <DSPLab.out>
ENTRY POINT SYMBOL: "_c_int00"  address: 000099ab


MEMORY CONFIGURATION

         name            origin    length      used     unused   attr    fill
----------------------  --------  ---------  --------  --------  ----  --------
PAGE 0:
  BEGIN                 00000000   00000002  00000000  00000002  RWIX
  RAMM0                 00000050   000003b0  00000000  000003b0  RWIX
  RAML0                 00008000   00001000  0000006d  00000f93  RWIX
  RAML1                 00009000   00001000  00000b0e  000004f2  RWIX
  RAML2                 0000a000   00001000  00000000  00001000  RWIX
  RAML3                 0000b000   00001000  00000000  00001000  RWIX
  ZONE7A                00200000   0000fc00  00000000  0000fc00  RWIX
  CSM_RSVD              0033ff80   00000076  00000000  00000076  RWIX
  CSM_PWL               0033fff8   00000008  00000000  00000008  RWIX
  ADC_CAL               00380080   00000009  00000007  00000002  RWIX
  IQTABLES              003fe000   00000b50  00000000  00000b50  RWIX
  IQTABLES2             003feb50   0000008c  00000000  0000008c  RWIX
  FPUTABLES             003febdc   000006a0  00000000  000006a0  RWIX
  BOOTROM               003ff27c   00000d44  00000000  00000d44  RWIX
  RESET                 003fffc0   00000002  00000000  00000002  RWIX

PAGE 1:
  BOOT_RSVD             00000002   0000004e  00000000  0000004e  RWIX
  RAMM1                 00000400   00000400  00000300  00000100  RWIX
  DEV_EMU               00000880   00000180  00000000  00000180  RWIX
  FLASH_REGS            00000a80   00000060  00000008  00000058  RWIX
  CSM                   00000ae0   00000010  00000010  00000000  RWIX
  ADC_MIRROR            00000b00   00000010  00000010  00000000  RWIX
  XINTF                 00000b20   00000020  00000000  00000020  RWIX
  CPU_TIMER0            00000c00   00000008  00000008  00000000  RWIX
  CPU_TIMER1            00000c08   00000008  00000008  00000000  RWIX
  CPU_TIMER2            00000c10   00000008  00000008  00000000  RWIX
  PIE_CTRL              00000ce0   00000020  0000001a  00000006  RWIX
  PIE_VECT              00000d00   00000100  00000100  00000000  RWIX
  DMA                   00001000   00000200  00000000  00000200  RWIX
  MCBSPA                00005000   00000040  00000000  00000040  RWIX
  MCBSPB                00005040   00000040  00000000  00000040  RWIX
  ECANA                 00006000   00000040  00000000  00000040  RWIX
  ECANA_LAM             00006040   00000040  00000000  00000040  RWIX
  ECANA_MOTS            00006080   00000040  00000000  00000040  RWIX
  ECANA_MOTO            000060c0   00000040  00000000  00000040  RWIX
  ECANA_MBOX            00006100   00000100  00000000  00000100  RWIX
  ECANB                 00006200   00000040  00000000  00000040  RWIX
  ECANB_LAM             00006240   00000040  00000000  00000040  RWIX
  ECANB_MOTS            00006280   00000040  00000000  00000040  RWIX
  ECANB_MOTO            000062c0   00000040  00000000  00000040  RWIX
  ECANB_MBOX            00006300   00000100  00000000  00000100  RWIX
  EPWM1                 00006800   00000022  00000000  00000022  RWIX
  EPWM2                 00006840   00000022  00000000  00000022  RWIX
  EPWM3                 00006880   00000022  00000000  00000022  RWIX
  EPWM4                 000068c0   00000022  00000000  00000022  RWIX
  EPWM5                 00006900   00000022  00000000  00000022  RWIX
  EPWM6                 00006940   00000022  00000000  00000022  RWIX
  ECAP1                 00006a00   00000020  00000000  00000020  RWIX
  ECAP2                 00006a20   00000020  00000000  00000020  RWIX
  ECAP3                 00006a40   00000020  00000000  00000020  RWIX
  ECAP4                 00006a60   00000020  00000000  00000020  RWIX
  ECAP5                 00006a80   00000020  00000000  00000020  RWIX
  ECAP6                 00006aa0   00000020  00000000  00000020  RWIX
  EQEP1                 00006b00   00000040  00000000  00000040  RWIX
  EQEP2                 00006b40   00000040  00000000  00000040  RWIX
  GPIOCTRL              00006f80   00000040  0000002e  00000012  RWIX
  GPIODAT               00006fc0   00000020  00000020  00000000  RWIX
  GPIOINT               00006fe0   00000020  0000000a  00000016  RWIX
  SYSTEM                00007010   00000020  00000020  00000000  RWIX
  SPIA                  00007040   00000010  00000000  00000010  RWIX
  SCIA                  00007050   00000010  00000000  00000010  RWIX
  XINTRUPT              00007070   00000010  00000010  00000000  RWIX
  ADC                   00007100   00000020  0000001e  00000002  RWIX
  SCIB                  00007750   00000010  00000000  00000010  RWIX
  SCIC                  00007770   00000010  00000000  00000010  RWIX
  I2CA                  00007900   00000040  00000000  00000040  RWIX
  RAML4                 0000c000   00001000  00000024  00000fdc  RWIX
  RAML5                 0000d000   00001000  00000222  00000dde  RWIX
  RAML6                 0000e000   00001000  00000000  00001000  RWIX
  RAML7                 0000f000   00001000  00000000  00001000  RWIX
  ZONE7B                0020fc00   00000400  00000000  00000400  RWIX
  CSM_PWL               0033fff8   00000008  00000008  00000000  RWIX
  PARTID                00380090   00000001  00000000  00000001  RWIX


SECTION ALLOCATION MAP

 output                                  attributes/
section   page    origin      length       input sections
--------  ----  ----------  ----------   ----------------
.cinit     0    00008000    0000004f     
                  00008000    00000034     main.obj (.cinit)
                  00008034    0000000a     rts2800_fpu32.lib : exit.obj (.cinit)
                  0000803e    00000005                       : _lock.obj (.cinit:__lock)
                  00008043    00000005                       : _lock.obj (.cinit:__unlock)
                  00008048    00000005                       : rand.obj (.cinit)
                  0000804d    00000002     --HOLE-- [fill = 0]

.switch    0    00008050    0000001a     
                  00008050    0000001a     main.obj (.switch:_CheckSuperior)

ramfuncs   0    0000806a    00000004     
                  0000806a    00000004     DSP2833x_usDelay.obj (ramfuncs)

.text      0    00009000    00000b0e     
                  00009000    000004a3     main.obj (.text)
                  000094a3    00000316     DSP2833x_DefaultIsr.obj (.text:retain)
                  000097b9    00000106     main.obj (.text:retain)
                  000098bf    000000ec     DSP2833x_SysCtrl.obj (.text)
                  000099ab    00000046     rts2800_fpu32.lib : boot.obj (.text)
                  000099f1    0000003d     DSP2833x_CpuTimers.obj (.text)
                  00009a2e    0000002e     rts2800_fpu32.lib : rand.obj (.text)
                  00009a5c    00000028     DSP2833x_PieCtrl.obj (.text)
                  00009a84    00000022     DSP2833x_PieVect.obj (.text)
                  00009aa6    00000022     rts2800_fpu32.lib : i_div.obj (.text)
                  00009ac8    00000019                       : args_main.obj (.text)
                  00009ae1    00000019                       : exit.obj (.text)
                  00009afa    0000000b                       : u_div.obj (.text)
                  00009b05    00000009                       : _lock.obj (.text)

.pinit     0    00008000    00000000     UNINITIALIZED

.stack     1    00000400    00000300     UNINITIALIZED
                  00000400    00000300     --HOLE--

.ebss      1    0000c000    00000024     UNINITIALIZED
                  0000c000    0000000d     main.obj (.ebss)
                  0000c00d    00000001     --HOLE--
                  0000c00e    0000000c     DSP2833x_CpuTimers.obj (.ebss)
                  0000c01a    00000004     rts2800_fpu32.lib : exit.obj (.ebss)
                  0000c01e    00000002                       : _lock.obj (.ebss:__lock)
                  0000c020    00000002                       : _lock.obj (.ebss:__unlock)
                  0000c022    00000002                       : rand.obj (.ebss)

.econst    1    0000d000    00000222     
                  0000d000    00000121     main.obj (.econst:.string)
                  0000d121    00000001     main.obj (.econst)
                  0000d122    00000100     DSP2833x_PieVect.obj (.econst)

.reset     0    003fffc0    00000002     DSECT
                  003fffc0    00000002     rts2800_fpu32.lib : boot.obj (.reset)

csm_rsvd   0    0033ff80    00000000     DSECT

csmpasswds 
*          0    0033fff8    00000000     DSECT

.adc_cal   0    00380080    00000007     NOLOAD SECTION
                  00380080    00000007     DSP2833x_ADC_cal.obj (.adc_cal)

FlashRegsFile 
*          1    00000a80    00000008     UNINITIALIZED
                  00000a80    00000008     DSP2833x_GlobalVariableDefs.obj (FlashRegsFile)

CsmRegsFile 
*          1    00000ae0    00000010     UNINITIALIZED
                  00000ae0    00000010     DSP2833x_GlobalVariableDefs.obj (CsmRegsFile)

AdcMirrorFile 
*          1    00000b00    00000010     UNINITIALIZED
                  00000b00    00000010     DSP2833x_GlobalVariableDefs.obj (AdcMirrorFile)

CpuTimer0RegsFile 
*          1    00000c00    00000008     UNINITIALIZED
                  00000c00    00000008     DSP2833x_GlobalVariableDefs.obj (CpuTimer0RegsFile)

CpuTimer1RegsFile 
*          1    00000c08    00000008     UNINITIALIZED
                  00000c08    00000008     DSP2833x_GlobalVariableDefs.obj (CpuTimer1RegsFile)

CpuTimer2RegsFile 
*          1    00000c10    00000008     UNINITIALIZED
                  00000c10    00000008     DSP2833x_GlobalVariableDefs.obj (CpuTimer2RegsFile)

PieCtrlRegsFile 
*          1    00000ce0    0000001a     UNINITIALIZED
                  00000ce0    0000001a     DSP2833x_GlobalVariableDefs.obj (PieCtrlRegsFile)

PieVectTableFile 
*          1    00000d00    00000100     UNINITIALIZED
                  00000d00    00000100     DSP2833x_GlobalVariableDefs.obj (PieVectTableFile)

GpioCtrlRegsFile 
*          1    00006f80    0000002e     UNINITIALIZED
                  00006f80    0000002e     DSP2833x_GlobalVariableDefs.obj (GpioCtrlRegsFile)

GpioDataRegsFile 
*          1    00006fc0    00000020     UNINITIALIZED
                  00006fc0    00000020     DSP2833x_GlobalVariableDefs.obj (GpioDataRegsFile)

GpioIntRegsFile 
*          1    00006fe0    0000000a     UNINITIALIZED
                  00006fe0    0000000a     DSP2833x_GlobalVariableDefs.obj (GpioIntRegsFile)

SysCtrlRegsFile 
*          1    00007010    00000020     UNINITIALIZED
                  00007010    00000020     DSP2833x_GlobalVariableDefs.obj (SysCtrlRegsFile)

XIntruptRegsFile 
*          1    00007070    00000010     UNINITIALIZED
                  00007070    00000010     DSP2833x_GlobalVariableDefs.obj (XIntruptRegsFile)

AdcRegsFile 
*          1    00007100    0000001e     UNINITIALIZED
                  00007100    0000001e     DSP2833x_GlobalVariableDefs.obj (AdcRegsFile)

CsmPwlFile 
*          1    0033fff8    00000008     UNINITIALIZED
                  0033fff8    00000008     DSP2833x_GlobalVariableDefs.obj (CsmPwlFile)


GLOBAL DATA SYMBOLS: SORTED BY DATA PAGE

address     data page           name
--------    ----------------    ----
00000400      10 (00000400)     __stack

00000a80      2a (00000a80)     _FlashRegs

00000ae0      2b (00000ac0)     _CsmRegs

00000b00      2c (00000b00)     _AdcMirror

00000c00      30 (00000c00)     _CpuTimer0Regs
00000c08      30 (00000c00)     _CpuTimer1Regs
00000c10      30 (00000c00)     _CpuTimer2Regs

00000ce0      33 (00000cc0)     _PieCtrlRegs

00000d00      34 (00000d00)     _PieVectTable

00006f80     1be (00006f80)     _GpioCtrlRegs

00006fc0     1bf (00006fc0)     _GpioDataRegs
00006fe0     1bf (00006fc0)     _GpioIntRegs

00007010     1c0 (00007000)     _SysCtrlRegs

00007070     1c1 (00007040)     _XIntruptRegs

00007100     1c4 (00007100)     _AdcRegs

0000c000     300 (0000c000)     _FNDTickPointer
0000c001     300 (0000c000)     _GameTimeLimit
0000c002     300 (0000c000)     _Tick
0000c003     300 (0000c000)     _GameState
0000c004     300 (0000c000)     _RemainedGameTime
0000c005     300 (0000c000)     _GameTotalTick
0000c006     300 (0000c000)     _DrawNumber
0000c007     300 (0000c000)     _LoseNumber
0000c008     300 (0000c000)     _OtherRPSInput
0000c009     300 (0000c000)     _TotalPlayNumber
0000c00a     300 (0000c000)     _GameMode
0000c00b     300 (0000c000)     _PlayerRPSInput
0000c00c     300 (0000c000)     _WinNumber
0000c00e     300 (0000c000)     _CpuTimer1
0000c012     300 (0000c000)     _CpuTimer2
0000c016     300 (0000c000)     _CpuTimer0
0000c01a     300 (0000c000)     ___TI_cleanup_ptr
0000c01c     300 (0000c000)     ___TI_dtors_ptr
0000c01e     300 (0000c000)     __lock
0000c020     300 (0000c000)     __unlock

0000d121     344 (0000d100)     _InputTickLimit
0000d122     344 (0000d100)     _PieVectTableInit

0033fff8    cfff (0033ffc0)     _CsmPwl


GLOBAL SYMBOLS: SORTED ALPHABETICALLY BY Name 

page  address   name                   
----  -------   ----                   
0     00009000  .text                  
0     00009ae1  C$$EXIT                
0     00009aa6  I$$DIV                 
0     00009ab7  I$$MOD                 
0     00009afa  U$$DIV                 
0     00009aff  U$$MOD                 
0     00009589  _ADCINT_ISR            
0     00380080  _ADC_cal               
1     00000b00  _AdcMirror             
1     00007100  _AdcRegs               
0     000092a8  _CheckRemainingGameTime
0     0000932e  _CheckSuperior         
0     000091f5  _CheckWinner           
0     000090d5  _ClearOnLCD            
0     000099fd  _ConfigCpuTimer        
1     0000c016  _CpuTimer0             
1     00000c00  _CpuTimer0Regs         
1     0000c00e  _CpuTimer1             
1     00000c08  _CpuTimer1Regs         
1     0000c012  _CpuTimer2             
1     00000c10  _CpuTimer2Regs         
1     0033fff8  _CsmPwl                
1     00000ae0  _CsmRegs               
0     0000997a  _CsmUnlock             
0     000094b7  _DATALOG_ISR           
0     000096ab  _DINTCH1_ISR           
0     000096b5  _DINTCH2_ISR           
0     000096bf  _DINTCH3_ISR           
0     000096c9  _DINTCH4_ISR           
0     000096d3  _DINTCH5_ISR           
0     000096dd  _DINTCH6_ISR           
0     0000806a  _DSP28x_usDelay        
0     000098d2  _DisableDog            
1     0000c006  _DrawNumber            
0     00009737  _ECAN0INTA_ISR         
0     0000974b  _ECAN0INTB_ISR         
0     00009741  _ECAN1INTA_ISR         
0     00009755  _ECAN1INTB_ISR         
0     0000961f  _ECAP1_INT_ISR         
0     00009629  _ECAP2_INT_ISR         
0     00009633  _ECAP3_INT_ISR         
0     0000963d  _ECAP4_INT_ISR         
0     00009647  _ECAP5_INT_ISR         
0     00009651  _ECAP6_INT_ISR         
0     000094cb  _EMUINT_ISR            
0     000095e3  _EPWM1_INT_ISR         
0     000095a7  _EPWM1_TZINT_ISR       
0     000095ed  _EPWM2_INT_ISR         
0     000095b1  _EPWM2_TZINT_ISR       
0     000095f7  _EPWM3_INT_ISR         
0     000095bb  _EPWM3_TZINT_ISR       
0     00009601  _EPWM4_INT_ISR         
0     000095c5  _EPWM4_TZINT_ISR       
0     0000960b  _EPWM5_INT_ISR         
0     000095cf  _EPWM5_TZINT_ISR       
0     00009615  _EPWM6_INT_ISR         
0     000095d9  _EPWM6_TZINT_ISR       
0     0000965b  _EQEP1_INT_ISR         
0     00009665  _EQEP2_INT_ISR         
0     00009a7b  _EnableInterrupts      
1     0000c000  _FNDTickPointer        
1     00000a80  _FlashRegs             
1     0000c00a  _GameMode              
0     00009309  _GameOver              
1     0000c003  _GameState             
1     0000c001  _GameTimeLimit         
1     0000c005  _GameTotalTick         
0     00009246  _GetRPS7Input          
0     000091cd  _GetRPSInput           
0     000090e2  _GetRandomNumberBetween
1     00006f80  _GpioCtrlRegs          
1     00006fc0  _GpioDataRegs          
1     00006fe0  _GpioIntRegs           
0     0000947f  _Gpio_Fnd_out          
0     000093d2  _Gpio_select           
0     000096e7  _I2CINT1A_ISR          
0     000096f1  _I2CINT2A_ISR          
0     000094df  _ILLEGAL_ISR           
0     000094a3  _INT13_ISR             
0     000094ad  _INT14_ISR             
0     000099f1  _InitCpuTimers         
0     0000992b  _InitPeripheralClocks  
0     00009a5c  _InitPieCtrl           
0     00009a84  _InitPieVectTable      
0     000098da  _InitPll               
0     000098bf  _InitSysCtrl           
0     000090f6  _InitializeGame        
1     0000d121  _InputTickLimit        
0     0000979b  _LUF_ISR               
0     00009791  _LVF_ISR               
1     0000c007  _LoseNumber            
0     00009697  _MRINTA_ISR            
0     00009683  _MRINTB_ISR            
0     000096a1  _MXINTA_ISR            
0     0000968d  _MXINTB_ISR            
0     0000905d  _MoveCursor            
0     000094d5  _NMI_ISR               
0     0000931f  _NotifyInvalidOperation
1     0000c008  _OtherRPSInput         
0     000097a5  _PIE_RESERVED          
1     00000ce0  _PieCtrlRegs           
1     00000d00  _PieVectTable          
1     0000d122  _PieVectTableInit      
1     0000c00b  _PlayerRPSInput        
0     000094c1  _RTOSINT_ISR           
1     0000c004  _RemainedGameTime      
0     0000970f  _SCIRXINTA_ISR         
0     00009723  _SCIRXINTB_ISR         
0     000096fb  _SCIRXINTC_ISR         
0     00009719  _SCITXINTA_ISR         
0     0000972d  _SCITXINTB_ISR         
0     00009705  _SCITXINTC_ISR         
0     00009561  _SEQ1INT_ISR           
0     0000956b  _SEQ2INT_ISR           
0     0000966f  _SPIRXINTA_ISR         
0     00009679  _SPITXINTA_ISR         
0     000098c8  _ServiceDog            
0     00009111  _SetGameTime           
0     000093ac  _SetRandomOtherRPS     
0     00009194  _ShowPreviousResults   
0     0000916f  _StartGame             
0     00009147  _SwitchGameMode        
1     00007010  _SysCtrlRegs           
0     00009593  _TINT0_ISR             
1     0000c002  _Tick                  
0     000092fc  _TimeOver              
1     0000c009  _TotalPlayNumber       
0     00009543  _USER10_ISR            
0     0000954d  _USER11_ISR            
0     00009557  _USER12_ISR            
0     000094e9  _USER1_ISR             
0     000094f3  _USER2_ISR             
0     000094fd  _USER3_ISR             
0     00009507  _USER4_ISR             
0     00009511  _USER5_ISR             
0     0000951b  _USER6_ISR             
0     00009525  _USER7_ISR             
0     0000952f  _USER8_ISR             
0     00009539  _USER9_ISR             
0     0000959d  _WAKEINT_ISR           
1     0000c00c  _WinNumber             
0     00009089  _WriteNumberOnLCD      
0     00009079  _WriteOnLCD            
0     00009361  _WriteRPSOnLCD         
0     00009575  _XINT1_ISR             
0     000097b9  _XINT1_isr             
0     0000957f  _XINT2_ISR             
0     00009806  _XINT2_isr             
0     0000975f  _XINT3_ISR             
0     00009769  _XINT4_ISR             
0     00009773  _XINT5_ISR             
0     0000977d  _XINT6_ISR             
0     00009787  _XINT7_ISR             
1     00007070  _XIntruptRegs          
1     00000700  __STACK_END            
abs   00000300  __STACK_SIZE           
1     0000c01a  ___TI_cleanup_ptr      
1     0000c01c  ___TI_dtors_ptr        
abs   ffffffff  ___binit__             
abs   ffffffff  ___c_args__            
0     00008000  ___cinit__             
0     00009b0e  ___etext__             
abs   ffffffff  ___pinit__             
0     00009000  ___text__              
0     00009ac8  __args_main            
1     0000c01e  __lock                 
0     00009b0d  __nop                  
0     00009b09  __register_lock        
0     00009b05  __register_unlock      
1     00000400  __stack                
1     0000c020  __unlock               
0     00009ae1  _abort                 
0     000099ab  _c_int00               
0     00009867  _cpu_timer0_isr        
0     00009ae3  _exit                  
0     00009441  _lcd_Gpio_data_out     
0     00009465  _lcd_init              
0     00009404  _lcd_write             
0     000093f3  _lcdprint_data         
0     00009000  _main                  
0     00009a3e  _rand                  
0     000097af  _rsvd_ISR              
0     00009a2e  _srand                 
abs   ffffffff  binit                  
0     00008000  cinit                  
0     00009b0e  etext                  
abs   ffffffff  pinit                  


GLOBAL SYMBOLS: SORTED BY Symbol Address 

page  address   name                   
----  -------   ----                   
0     00008000  ___cinit__             
0     00008000  cinit                  
0     0000806a  _DSP28x_usDelay        
0     00009000  .text                  
0     00009000  ___text__              
0     00009000  _main                  
0     0000905d  _MoveCursor            
0     00009079  _WriteOnLCD            
0     00009089  _WriteNumberOnLCD      
0     000090d5  _ClearOnLCD            
0     000090e2  _GetRandomNumberBetween
0     000090f6  _InitializeGame        
0     00009111  _SetGameTime           
0     00009147  _SwitchGameMode        
0     0000916f  _StartGame             
0     00009194  _ShowPreviousResults   
0     000091cd  _GetRPSInput           
0     000091f5  _CheckWinner           
0     00009246  _GetRPS7Input          
0     000092a8  _CheckRemainingGameTime
0     000092fc  _TimeOver              
0     00009309  _GameOver              
0     0000931f  _NotifyInvalidOperation
0     0000932e  _CheckSuperior         
0     00009361  _WriteRPSOnLCD         
0     000093ac  _SetRandomOtherRPS     
0     000093d2  _Gpio_select           
0     000093f3  _lcdprint_data         
0     00009404  _lcd_write             
0     00009441  _lcd_Gpio_data_out     
0     00009465  _lcd_init              
0     0000947f  _Gpio_Fnd_out          
0     000094a3  _INT13_ISR             
0     000094ad  _INT14_ISR             
0     000094b7  _DATALOG_ISR           
0     000094c1  _RTOSINT_ISR           
0     000094cb  _EMUINT_ISR            
0     000094d5  _NMI_ISR               
0     000094df  _ILLEGAL_ISR           
0     000094e9  _USER1_ISR             
0     000094f3  _USER2_ISR             
0     000094fd  _USER3_ISR             
0     00009507  _USER4_ISR             
0     00009511  _USER5_ISR             
0     0000951b  _USER6_ISR             
0     00009525  _USER7_ISR             
0     0000952f  _USER8_ISR             
0     00009539  _USER9_ISR             
0     00009543  _USER10_ISR            
0     0000954d  _USER11_ISR            
0     00009557  _USER12_ISR            
0     00009561  _SEQ1INT_ISR           
0     0000956b  _SEQ2INT_ISR           
0     00009575  _XINT1_ISR             
0     0000957f  _XINT2_ISR             
0     00009589  _ADCINT_ISR            
0     00009593  _TINT0_ISR             
0     0000959d  _WAKEINT_ISR           
0     000095a7  _EPWM1_TZINT_ISR       
0     000095b1  _EPWM2_TZINT_ISR       
0     000095bb  _EPWM3_TZINT_ISR       
0     000095c5  _EPWM4_TZINT_ISR       
0     000095cf  _EPWM5_TZINT_ISR       
0     000095d9  _EPWM6_TZINT_ISR       
0     000095e3  _EPWM1_INT_ISR         
0     000095ed  _EPWM2_INT_ISR         
0     000095f7  _EPWM3_INT_ISR         
0     00009601  _EPWM4_INT_ISR         
0     0000960b  _EPWM5_INT_ISR         
0     00009615  _EPWM6_INT_ISR         
0     0000961f  _ECAP1_INT_ISR         
0     00009629  _ECAP2_INT_ISR         
0     00009633  _ECAP3_INT_ISR         
0     0000963d  _ECAP4_INT_ISR         
0     00009647  _ECAP5_INT_ISR         
0     00009651  _ECAP6_INT_ISR         
0     0000965b  _EQEP1_INT_ISR         
0     00009665  _EQEP2_INT_ISR         
0     0000966f  _SPIRXINTA_ISR         
0     00009679  _SPITXINTA_ISR         
0     00009683  _MRINTB_ISR            
0     0000968d  _MXINTB_ISR            
0     00009697  _MRINTA_ISR            
0     000096a1  _MXINTA_ISR            
0     000096ab  _DINTCH1_ISR           
0     000096b5  _DINTCH2_ISR           
0     000096bf  _DINTCH3_ISR           
0     000096c9  _DINTCH4_ISR           
0     000096d3  _DINTCH5_ISR           
0     000096dd  _DINTCH6_ISR           
0     000096e7  _I2CINT1A_ISR          
0     000096f1  _I2CINT2A_ISR          
0     000096fb  _SCIRXINTC_ISR         
0     00009705  _SCITXINTC_ISR         
0     0000970f  _SCIRXINTA_ISR         
0     00009719  _SCITXINTA_ISR         
0     00009723  _SCIRXINTB_ISR         
0     0000972d  _SCITXINTB_ISR         
0     00009737  _ECAN0INTA_ISR         
0     00009741  _ECAN1INTA_ISR         
0     0000974b  _ECAN0INTB_ISR         
0     00009755  _ECAN1INTB_ISR         
0     0000975f  _XINT3_ISR             
0     00009769  _XINT4_ISR             
0     00009773  _XINT5_ISR             
0     0000977d  _XINT6_ISR             
0     00009787  _XINT7_ISR             
0     00009791  _LVF_ISR               
0     0000979b  _LUF_ISR               
0     000097a5  _PIE_RESERVED          
0     000097af  _rsvd_ISR              
0     000097b9  _XINT1_isr             
0     00009806  _XINT2_isr             
0     00009867  _cpu_timer0_isr        
0     000098bf  _InitSysCtrl           
0     000098c8  _ServiceDog            
0     000098d2  _DisableDog            
0     000098da  _InitPll               
0     0000992b  _InitPeripheralClocks  
0     0000997a  _CsmUnlock             
0     000099ab  _c_int00               
0     000099f1  _InitCpuTimers         
0     000099fd  _ConfigCpuTimer        
0     00009a2e  _srand                 
0     00009a3e  _rand                  
0     00009a5c  _InitPieCtrl           
0     00009a7b  _EnableInterrupts      
0     00009a84  _InitPieVectTable      
0     00009aa6  I$$DIV                 
0     00009ab7  I$$MOD                 
0     00009ac8  __args_main            
0     00009ae1  C$$EXIT                
0     00009ae1  _abort                 
0     00009ae3  _exit                  
0     00009afa  U$$DIV                 
0     00009aff  U$$MOD                 
0     00009b05  __register_unlock      
0     00009b09  __register_lock        
0     00009b0d  __nop                  
0     00009b0e  ___etext__             
0     00009b0e  etext                  
0     00380080  _ADC_cal               
1     00000400  __stack                
1     00000700  __STACK_END            
1     00000a80  _FlashRegs             
1     00000ae0  _CsmRegs               
1     00000b00  _AdcMirror             
1     00000c00  _CpuTimer0Regs         
1     00000c08  _CpuTimer1Regs         
1     00000c10  _CpuTimer2Regs         
1     00000ce0  _PieCtrlRegs           
1     00000d00  _PieVectTable          
1     00006f80  _GpioCtrlRegs          
1     00006fc0  _GpioDataRegs          
1     00006fe0  _GpioIntRegs           
1     00007010  _SysCtrlRegs           
1     00007070  _XIntruptRegs          
1     00007100  _AdcRegs               
1     0000c000  _FNDTickPointer        
1     0000c001  _GameTimeLimit         
1     0000c002  _Tick                  
1     0000c003  _GameState             
1     0000c004  _RemainedGameTime      
1     0000c005  _GameTotalTick         
1     0000c006  _DrawNumber            
1     0000c007  _LoseNumber            
1     0000c008  _OtherRPSInput         
1     0000c009  _TotalPlayNumber       
1     0000c00a  _GameMode              
1     0000c00b  _PlayerRPSInput        
1     0000c00c  _WinNumber             
1     0000c00e  _CpuTimer1             
1     0000c012  _CpuTimer2             
1     0000c016  _CpuTimer0             
1     0000c01a  ___TI_cleanup_ptr      
1     0000c01c  ___TI_dtors_ptr        
1     0000c01e  __lock                 
1     0000c020  __unlock               
1     0000d121  _InputTickLimit        
1     0000d122  _PieVectTableInit      
1     0033fff8  _CsmPwl                
abs   00000300  __STACK_SIZE           
abs   ffffffff  ___binit__             
abs   ffffffff  ___c_args__            
abs   ffffffff  ___pinit__             
abs   ffffffff  binit                  
abs   ffffffff  pinit                  

[187 symbols]
