******************************************************************************
             TMS320C2000 Linker PC v6.4.6                      
******************************************************************************
>> Linked Wed May 15 10:17:00 2019

OUTPUT FILE NAME:   <DSPLab.out>
ENTRY POINT SYMBOL: "_c_int00"  address: 00009676


MEMORY CONFIGURATION

         name            origin    length      used     unused   attr    fill
----------------------  --------  ---------  --------  --------  ----  --------
PAGE 0:
  BEGIN                 00000000   00000002  00000000  00000002  RWIX
  RAMM0                 00000050   000003b0  00000000  000003b0  RWIX
  RAML0                 00008000   00001000  0000002e  00000fd2  RWIX
  RAML1                 00009000   00001000  000007ab  00000855  RWIX
  RAML2                 0000a000   00001000  00000000  00001000  RWIX
  RAML3                 0000b000   00001000  00000000  00001000  RWIX
  ZONE7A                00200000   0000fc00  00000000  0000fc00  RWIX
  CSM_RSVD              0033ff80   00000076  00000000  00000076  RWIX
  CSM_PWL               0033fff8   00000008  00000000  00000008  RWIX
  ADC_CAL               00380080   00000009  00000007  00000002  RWIX
  IQTABLES              003fe000   00000b50  00000000  00000b50  RWIX
  IQTABLES2             003feb50   0000008c  00000000  0000008c  RWIX
  FPUTABLES             003febdc   000006a0  00000000  000006a0  RWIX
  BOOTROM               003ff27c   00000d44  00000000  00000d44  RWIX
  RESET                 003fffc0   00000002  00000000  00000002  RWIX

PAGE 1:
  BOOT_RSVD             00000002   0000004e  00000000  0000004e  RWIX
  RAMM1                 00000400   00000400  00000300  00000100  RWIX
  DEV_EMU               00000880   00000180  00000000  00000180  RWIX
  FLASH_REGS            00000a80   00000060  00000008  00000058  RWIX
  CSM                   00000ae0   00000010  00000010  00000000  RWIX
  ADC_MIRROR            00000b00   00000010  00000010  00000000  RWIX
  XINTF                 00000b20   00000020  00000000  00000020  RWIX
  CPU_TIMER0            00000c00   00000008  00000008  00000000  RWIX
  CPU_TIMER1            00000c08   00000008  00000008  00000000  RWIX
  CPU_TIMER2            00000c10   00000008  00000008  00000000  RWIX
  PIE_CTRL              00000ce0   00000020  0000001a  00000006  RWIX
  PIE_VECT              00000d00   00000100  00000100  00000000  RWIX
  DMA                   00001000   00000200  00000000  00000200  RWIX
  MCBSPA                00005000   00000040  00000000  00000040  RWIX
  MCBSPB                00005040   00000040  00000000  00000040  RWIX
  ECANA                 00006000   00000040  00000000  00000040  RWIX
  ECANA_LAM             00006040   00000040  00000000  00000040  RWIX
  ECANA_MOTS            00006080   00000040  00000000  00000040  RWIX
  ECANA_MOTO            000060c0   00000040  00000000  00000040  RWIX
  ECANA_MBOX            00006100   00000100  00000000  00000100  RWIX
  ECANB                 00006200   00000040  00000000  00000040  RWIX
  ECANB_LAM             00006240   00000040  00000000  00000040  RWIX
  ECANB_MOTS            00006280   00000040  00000000  00000040  RWIX
  ECANB_MOTO            000062c0   00000040  00000000  00000040  RWIX
  ECANB_MBOX            00006300   00000100  00000000  00000100  RWIX
  EPWM1                 00006800   00000022  00000000  00000022  RWIX
  EPWM2                 00006840   00000022  00000000  00000022  RWIX
  EPWM3                 00006880   00000022  00000000  00000022  RWIX
  EPWM4                 000068c0   00000022  00000000  00000022  RWIX
  EPWM5                 00006900   00000022  00000000  00000022  RWIX
  EPWM6                 00006940   00000022  00000000  00000022  RWIX
  ECAP1                 00006a00   00000020  00000000  00000020  RWIX
  ECAP2                 00006a20   00000020  00000000  00000020  RWIX
  ECAP3                 00006a40   00000020  00000000  00000020  RWIX
  ECAP4                 00006a60   00000020  00000000  00000020  RWIX
  ECAP5                 00006a80   00000020  00000000  00000020  RWIX
  ECAP6                 00006aa0   00000020  00000000  00000020  RWIX
  EQEP1                 00006b00   00000040  00000000  00000040  RWIX
  EQEP2                 00006b40   00000040  00000000  00000040  RWIX
  GPIOCTRL              00006f80   00000040  0000002e  00000012  RWIX
  GPIODAT               00006fc0   00000020  00000020  00000000  RWIX
  GPIOINT               00006fe0   00000020  0000000a  00000016  RWIX
  SYSTEM                00007010   00000020  00000020  00000000  RWIX
  SPIA                  00007040   00000010  00000000  00000010  RWIX
  SCIA                  00007050   00000010  00000000  00000010  RWIX
  XINTRUPT              00007070   00000010  00000010  00000000  RWIX
  ADC                   00007100   00000020  0000001e  00000002  RWIX
  SCIB                  00007750   00000010  00000000  00000010  RWIX
  SCIC                  00007770   00000010  00000000  00000010  RWIX
  I2CA                  00007900   00000040  00000000  00000040  RWIX
  RAML4                 0000c000   00001000  0000001a  00000fe6  RWIX
  RAML5                 0000d000   00001000  0000011b  00000ee5  RWIX
  RAML6                 0000e000   00001000  00000000  00001000  RWIX
  RAML7                 0000f000   00001000  00000000  00001000  RWIX
  ZONE7B                0020fc00   00000400  00000000  00000400  RWIX
  CSM_PWL               0033fff8   00000008  00000008  00000000  RWIX
  PARTID                00380090   00000001  00000000  00000001  RWIX


SECTION ALLOCATION MAP

 output                                  attributes/
section   page    origin      length       input sections
--------  ----  ----------  ----------   ----------------
.cinit     0    00008000    0000002a     
                  00008000    00000014     main.obj (.cinit)
                  00008014    0000000a     rts2800_fpu32.lib : exit.obj (.cinit)
                  0000801e    00000005                       : _lock.obj (.cinit:__lock)
                  00008023    00000005                       : _lock.obj (.cinit:__unlock)
                  00008028    00000002     --HOLE-- [fill = 0]

ramfuncs   0    0000802a    00000004     
                  0000802a    00000004     DSP2833x_usDelay.obj (ramfuncs)

.text      0    00009000    000007ab     
                  00009000    00000316     DSP2833x_DefaultIsr.obj (.text:retain)
                  00009316    000001b8     main.obj (.text)
                  000094ce    000000ec     DSP2833x_SysCtrl.obj (.text)
                  000095ba    000000bc     main.obj (.text:retain)
                  00009676    00000046     rts2800_fpu32.lib : boot.obj (.text)
                  000096bc    0000003d     DSP2833x_CpuTimers.obj (.text)
                  000096f9    00000028     DSP2833x_PieCtrl.obj (.text)
                  00009721    00000022     DSP2833x_PieVect.obj (.text)
                  00009743    00000022     rts2800_fpu32.lib : i_div.obj (.text)
                  00009765    00000019                       : args_main.obj (.text)
                  0000977e    00000019                       : exit.obj (.text)
                  00009797    0000000b                       : u_div.obj (.text)
                  000097a2    00000009                       : _lock.obj (.text)

.pinit     0    00008000    00000000     UNINITIALIZED

.adc_cal   0    00380080    00000007     NOLOAD SECTION
                  00380080    00000007     DSP2833x_ADC_cal.obj (.adc_cal)

.stack     1    00000400    00000300     UNINITIALIZED
                  00000400    00000300     --HOLE--

FlashRegsFile 
*          1    00000a80    00000008     UNINITIALIZED
                  00000a80    00000008     DSP2833x_GlobalVariableDefs.obj (FlashRegsFile)

CsmRegsFile 
*          1    00000ae0    00000010     UNINITIALIZED
                  00000ae0    00000010     DSP2833x_GlobalVariableDefs.obj (CsmRegsFile)

AdcMirrorFile 
*          1    00000b00    00000010     UNINITIALIZED
                  00000b00    00000010     DSP2833x_GlobalVariableDefs.obj (AdcMirrorFile)

CpuTimer0RegsFile 
*          1    00000c00    00000008     UNINITIALIZED
                  00000c00    00000008     DSP2833x_GlobalVariableDefs.obj (CpuTimer0RegsFile)

CpuTimer1RegsFile 
*          1    00000c08    00000008     UNINITIALIZED
                  00000c08    00000008     DSP2833x_GlobalVariableDefs.obj (CpuTimer1RegsFile)

CpuTimer2RegsFile 
*          1    00000c10    00000008     UNINITIALIZED
                  00000c10    00000008     DSP2833x_GlobalVariableDefs.obj (CpuTimer2RegsFile)

PieCtrlRegsFile 
*          1    00000ce0    0000001a     UNINITIALIZED
                  00000ce0    0000001a     DSP2833x_GlobalVariableDefs.obj (PieCtrlRegsFile)

PieVectTableFile 
*          1    00000d00    00000100     UNINITIALIZED
                  00000d00    00000100     DSP2833x_GlobalVariableDefs.obj (PieVectTableFile)

.ebss      1    0000c000    0000001a     UNINITIALIZED
                  0000c000    0000000c     DSP2833x_CpuTimers.obj (.ebss)
                  0000c00c    00000005     main.obj (.ebss)
                  0000c011    00000001     --HOLE--
                  0000c012    00000004     rts2800_fpu32.lib : exit.obj (.ebss)
                  0000c016    00000002                       : _lock.obj (.ebss:__lock)
                  0000c018    00000002                       : _lock.obj (.ebss:__unlock)

.econst    1    0000d000    0000011b     
                  0000d000    00000100     DSP2833x_PieVect.obj (.econst)
                  0000d100    0000001b     main.obj (.econst:.string)

.reset     0    003fffc0    00000002     DSECT
                  003fffc0    00000002     rts2800_fpu32.lib : boot.obj (.reset)

csm_rsvd   0    0033ff80    00000000     DSECT

csmpasswds 
*          0    0033fff8    00000000     DSECT

GpioCtrlRegsFile 
*          1    00006f80    0000002e     UNINITIALIZED
                  00006f80    0000002e     DSP2833x_GlobalVariableDefs.obj (GpioCtrlRegsFile)

GpioDataRegsFile 
*          1    00006fc0    00000020     UNINITIALIZED
                  00006fc0    00000020     DSP2833x_GlobalVariableDefs.obj (GpioDataRegsFile)

GpioIntRegsFile 
*          1    00006fe0    0000000a     UNINITIALIZED
                  00006fe0    0000000a     DSP2833x_GlobalVariableDefs.obj (GpioIntRegsFile)

SysCtrlRegsFile 
*          1    00007010    00000020     UNINITIALIZED
                  00007010    00000020     DSP2833x_GlobalVariableDefs.obj (SysCtrlRegsFile)

XIntruptRegsFile 
*          1    00007070    00000010     UNINITIALIZED
                  00007070    00000010     DSP2833x_GlobalVariableDefs.obj (XIntruptRegsFile)

AdcRegsFile 
*          1    00007100    0000001e     UNINITIALIZED
                  00007100    0000001e     DSP2833x_GlobalVariableDefs.obj (AdcRegsFile)

CsmPwlFile 
*          1    0033fff8    00000008     UNINITIALIZED
                  0033fff8    00000008     DSP2833x_GlobalVariableDefs.obj (CsmPwlFile)


GLOBAL DATA SYMBOLS: SORTED BY DATA PAGE

address     data page           name
--------    ----------------    ----
00000400      10 (00000400)     __stack

00000a80      2a (00000a80)     _FlashRegs

00000ae0      2b (00000ac0)     _CsmRegs

00000b00      2c (00000b00)     _AdcMirror

00000c00      30 (00000c00)     _CpuTimer0Regs
00000c08      30 (00000c00)     _CpuTimer1Regs
00000c10      30 (00000c00)     _CpuTimer2Regs

00000ce0      33 (00000cc0)     _PieCtrlRegs

00000d00      34 (00000d00)     _PieVectTable

00006f80     1be (00006f80)     _GpioCtrlRegs

00006fc0     1bf (00006fc0)     _GpioDataRegs
00006fe0     1bf (00006fc0)     _GpioIntRegs

00007010     1c0 (00007000)     _SysCtrlRegs

00007070     1c1 (00007040)     _XIntruptRegs

00007100     1c4 (00007100)     _AdcRegs

0000c000     300 (0000c000)     _CpuTimer1
0000c004     300 (0000c000)     _CpuTimer2
0000c008     300 (0000c000)     _CpuTimer0
0000c00c     300 (0000c000)     _ClickedNumber
0000c00d     300 (0000c000)     _Trigger
0000c00e     300 (0000c000)     _Tick
0000c00f     300 (0000c000)     _SavedTick
0000c010     300 (0000c000)     _Mode
0000c012     300 (0000c000)     ___TI_cleanup_ptr
0000c014     300 (0000c000)     ___TI_dtors_ptr
0000c016     300 (0000c000)     __lock
0000c018     300 (0000c000)     __unlock

0000d000     340 (0000d000)     _PieVectTableInit

0033fff8    cfff (0033ffc0)     _CsmPwl


GLOBAL SYMBOLS: SORTED ALPHABETICALLY BY Name 

page  address   name                 
----  -------   ----                 
0     00009000  .text                
0     0000977e  C$$EXIT              
0     00009743  I$$DIV               
0     00009754  I$$MOD               
0     00009797  U$$DIV               
0     0000979c  U$$MOD               
0     000090e6  _ADCINT_ISR          
0     00380080  _ADC_cal             
1     00000b00  _AdcMirror           
1     00007100  _AdcRegs             
1     0000c00c  _ClickedNumber       
0     000096c8  _ConfigCpuTimer      
1     0000c008  _CpuTimer0           
1     00000c00  _CpuTimer0Regs       
1     0000c000  _CpuTimer1           
1     00000c08  _CpuTimer1Regs       
1     0000c004  _CpuTimer2           
1     00000c10  _CpuTimer2Regs       
1     0033fff8  _CsmPwl              
1     00000ae0  _CsmRegs             
0     00009589  _CsmUnlock           
0     00009014  _DATALOG_ISR         
0     00009208  _DINTCH1_ISR         
0     00009212  _DINTCH2_ISR         
0     0000921c  _DINTCH3_ISR         
0     00009226  _DINTCH4_ISR         
0     00009230  _DINTCH5_ISR         
0     0000923a  _DINTCH6_ISR         
0     0000802a  _DSP28x_usDelay      
0     000094e1  _DisableDog          
0     00009294  _ECAN0INTA_ISR       
0     000092a8  _ECAN0INTB_ISR       
0     0000929e  _ECAN1INTA_ISR       
0     000092b2  _ECAN1INTB_ISR       
0     0000917c  _ECAP1_INT_ISR       
0     00009186  _ECAP2_INT_ISR       
0     00009190  _ECAP3_INT_ISR       
0     0000919a  _ECAP4_INT_ISR       
0     000091a4  _ECAP5_INT_ISR       
0     000091ae  _ECAP6_INT_ISR       
0     00009028  _EMUINT_ISR          
0     00009140  _EPWM1_INT_ISR       
0     00009104  _EPWM1_TZINT_ISR     
0     0000914a  _EPWM2_INT_ISR       
0     0000910e  _EPWM2_TZINT_ISR     
0     00009154  _EPWM3_INT_ISR       
0     00009118  _EPWM3_TZINT_ISR     
0     0000915e  _EPWM4_INT_ISR       
0     00009122  _EPWM4_TZINT_ISR     
0     00009168  _EPWM5_INT_ISR       
0     0000912c  _EPWM5_TZINT_ISR     
0     00009172  _EPWM6_INT_ISR       
0     00009136  _EPWM6_TZINT_ISR     
0     000091b8  _EQEP1_INT_ISR       
0     000091c2  _EQEP2_INT_ISR       
0     00009718  _EnableInterrupts    
1     00000a80  _FlashRegs           
1     00006f80  _GpioCtrlRegs        
1     00006fc0  _GpioDataRegs        
1     00006fe0  _GpioIntRegs         
0     00009377  _Gpio_select         
0     00009244  _I2CINT1A_ISR        
0     0000924e  _I2CINT2A_ISR        
0     0000903c  _ILLEGAL_ISR         
0     00009000  _INT13_ISR           
0     0000900a  _INT14_ISR           
0     000096bc  _InitCpuTimers       
0     0000953a  _InitPeripheralClocks
0     000096f9  _InitPieCtrl         
0     00009721  _InitPieVectTable    
0     000094e9  _InitPll             
0     000094ce  _InitSysCtrl         
0     000092f8  _LUF_ISR             
0     000092ee  _LVF_ISR             
0     000091f4  _MRINTA_ISR          
0     000091e0  _MRINTB_ISR          
0     000091fe  _MXINTA_ISR          
0     000091ea  _MXINTB_ISR          
1     0000c010  _Mode                
0     00009032  _NMI_ISR             
0     00009302  _PIE_RESERVED        
1     00000ce0  _PieCtrlRegs         
1     00000d00  _PieVectTable        
1     0000d000  _PieVectTableInit    
0     0000901e  _RTOSINT_ISR         
0     0000926c  _SCIRXINTA_ISR       
0     00009280  _SCIRXINTB_ISR       
0     00009258  _SCIRXINTC_ISR       
0     00009276  _SCITXINTA_ISR       
0     0000928a  _SCITXINTB_ISR       
0     00009262  _SCITXINTC_ISR       
0     000090be  _SEQ1INT_ISR         
0     000090c8  _SEQ2INT_ISR         
0     000091cc  _SPIRXINTA_ISR       
0     000091d6  _SPITXINTA_ISR       
1     0000c00f  _SavedTick           
0     000094d7  _ServiceDog          
0     00009475  _ShowSavedTime       
0     0000941c  _ShowTime            
1     00007010  _SysCtrlRegs         
0     000090f0  _TINT0_ISR           
1     0000c00e  _Tick                
1     0000c00d  _Trigger             
0     000090a0  _USER10_ISR          
0     000090aa  _USER11_ISR          
0     000090b4  _USER12_ISR          
0     00009046  _USER1_ISR           
0     00009050  _USER2_ISR           
0     0000905a  _USER3_ISR           
0     00009064  _USER4_ISR           
0     0000906e  _USER5_ISR           
0     00009078  _USER6_ISR           
0     00009082  _USER7_ISR           
0     0000908c  _USER8_ISR           
0     00009096  _USER9_ISR           
0     000090fa  _WAKEINT_ISR         
0     000090d2  _XINT1_ISR           
0     000095ba  _XINT1_isr           
0     000090dc  _XINT2_ISR           
0     00009606  _XINT2_isr           
0     000092bc  _XINT3_ISR           
0     000092c6  _XINT4_ISR           
0     000092d0  _XINT5_ISR           
0     000092da  _XINT6_ISR           
0     000092e4  _XINT7_ISR           
1     00007070  _XIntruptRegs        
1     00000700  __STACK_END          
abs   00000300  __STACK_SIZE         
1     0000c012  ___TI_cleanup_ptr    
1     0000c014  ___TI_dtors_ptr      
abs   ffffffff  ___binit__           
abs   ffffffff  ___c_args__          
0     00008000  ___cinit__           
0     000097ab  ___etext__           
abs   ffffffff  ___pinit__           
0     00009000  ___text__            
0     00009765  __args_main          
1     0000c016  __lock               
0     000097aa  __nop                
0     000097a6  __register_lock      
0     000097a2  __register_unlock    
1     00000400  __stack              
1     0000c018  __unlock             
0     0000977e  _abort               
0     00009676  _c_int00             
0     00009628  _cpu_timer0_isr      
0     00009780  _exit                
0     000093de  _lcd_Gpio_data_out   
0     00009402  _lcd_init            
0     000093a1  _lcd_write           
0     00009390  _lcdprint_data       
0     0000931d  _main                
0     0000930c  _rsvd_ISR            
abs   ffffffff  binit                
0     00008000  cinit                
0     000097ab  etext                
abs   ffffffff  pinit                


GLOBAL SYMBOLS: SORTED BY Symbol Address 

page  address   name                 
----  -------   ----                 
0     00008000  ___cinit__           
0     00008000  cinit                
0     0000802a  _DSP28x_usDelay      
0     00009000  .text                
0     00009000  _INT13_ISR           
0     00009000  ___text__            
0     0000900a  _INT14_ISR           
0     00009014  _DATALOG_ISR         
0     0000901e  _RTOSINT_ISR         
0     00009028  _EMUINT_ISR          
0     00009032  _NMI_ISR             
0     0000903c  _ILLEGAL_ISR         
0     00009046  _USER1_ISR           
0     00009050  _USER2_ISR           
0     0000905a  _USER3_ISR           
0     00009064  _USER4_ISR           
0     0000906e  _USER5_ISR           
0     00009078  _USER6_ISR           
0     00009082  _USER7_ISR           
0     0000908c  _USER8_ISR           
0     00009096  _USER9_ISR           
0     000090a0  _USER10_ISR          
0     000090aa  _USER11_ISR          
0     000090b4  _USER12_ISR          
0     000090be  _SEQ1INT_ISR         
0     000090c8  _SEQ2INT_ISR         
0     000090d2  _XINT1_ISR           
0     000090dc  _XINT2_ISR           
0     000090e6  _ADCINT_ISR          
0     000090f0  _TINT0_ISR           
0     000090fa  _WAKEINT_ISR         
0     00009104  _EPWM1_TZINT_ISR     
0     0000910e  _EPWM2_TZINT_ISR     
0     00009118  _EPWM3_TZINT_ISR     
0     00009122  _EPWM4_TZINT_ISR     
0     0000912c  _EPWM5_TZINT_ISR     
0     00009136  _EPWM6_TZINT_ISR     
0     00009140  _EPWM1_INT_ISR       
0     0000914a  _EPWM2_INT_ISR       
0     00009154  _EPWM3_INT_ISR       
0     0000915e  _EPWM4_INT_ISR       
0     00009168  _EPWM5_INT_ISR       
0     00009172  _EPWM6_INT_ISR       
0     0000917c  _ECAP1_INT_ISR       
0     00009186  _ECAP2_INT_ISR       
0     00009190  _ECAP3_INT_ISR       
0     0000919a  _ECAP4_INT_ISR       
0     000091a4  _ECAP5_INT_ISR       
0     000091ae  _ECAP6_INT_ISR       
0     000091b8  _EQEP1_INT_ISR       
0     000091c2  _EQEP2_INT_ISR       
0     000091cc  _SPIRXINTA_ISR       
0     000091d6  _SPITXINTA_ISR       
0     000091e0  _MRINTB_ISR          
0     000091ea  _MXINTB_ISR          
0     000091f4  _MRINTA_ISR          
0     000091fe  _MXINTA_ISR          
0     00009208  _DINTCH1_ISR         
0     00009212  _DINTCH2_ISR         
0     0000921c  _DINTCH3_ISR         
0     00009226  _DINTCH4_ISR         
0     00009230  _DINTCH5_ISR         
0     0000923a  _DINTCH6_ISR         
0     00009244  _I2CINT1A_ISR        
0     0000924e  _I2CINT2A_ISR        
0     00009258  _SCIRXINTC_ISR       
0     00009262  _SCITXINTC_ISR       
0     0000926c  _SCIRXINTA_ISR       
0     00009276  _SCITXINTA_ISR       
0     00009280  _SCIRXINTB_ISR       
0     0000928a  _SCITXINTB_ISR       
0     00009294  _ECAN0INTA_ISR       
0     0000929e  _ECAN1INTA_ISR       
0     000092a8  _ECAN0INTB_ISR       
0     000092b2  _ECAN1INTB_ISR       
0     000092bc  _XINT3_ISR           
0     000092c6  _XINT4_ISR           
0     000092d0  _XINT5_ISR           
0     000092da  _XINT6_ISR           
0     000092e4  _XINT7_ISR           
0     000092ee  _LVF_ISR             
0     000092f8  _LUF_ISR             
0     00009302  _PIE_RESERVED        
0     0000930c  _rsvd_ISR            
0     0000931d  _main                
0     00009377  _Gpio_select         
0     00009390  _lcdprint_data       
0     000093a1  _lcd_write           
0     000093de  _lcd_Gpio_data_out   
0     00009402  _lcd_init            
0     0000941c  _ShowTime            
0     00009475  _ShowSavedTime       
0     000094ce  _InitSysCtrl         
0     000094d7  _ServiceDog          
0     000094e1  _DisableDog          
0     000094e9  _InitPll             
0     0000953a  _InitPeripheralClocks
0     00009589  _CsmUnlock           
0     000095ba  _XINT1_isr           
0     00009606  _XINT2_isr           
0     00009628  _cpu_timer0_isr      
0     00009676  _c_int00             
0     000096bc  _InitCpuTimers       
0     000096c8  _ConfigCpuTimer      
0     000096f9  _InitPieCtrl         
0     00009718  _EnableInterrupts    
0     00009721  _InitPieVectTable    
0     00009743  I$$DIV               
0     00009754  I$$MOD               
0     00009765  __args_main          
0     0000977e  C$$EXIT              
0     0000977e  _abort               
0     00009780  _exit                
0     00009797  U$$DIV               
0     0000979c  U$$MOD               
0     000097a2  __register_unlock    
0     000097a6  __register_lock      
0     000097aa  __nop                
0     000097ab  ___etext__           
0     000097ab  etext                
0     00380080  _ADC_cal             
1     00000400  __stack              
1     00000700  __STACK_END          
1     00000a80  _FlashRegs           
1     00000ae0  _CsmRegs             
1     00000b00  _AdcMirror           
1     00000c00  _CpuTimer0Regs       
1     00000c08  _CpuTimer1Regs       
1     00000c10  _CpuTimer2Regs       
1     00000ce0  _PieCtrlRegs         
1     00000d00  _PieVectTable        
1     00006f80  _GpioCtrlRegs        
1     00006fc0  _GpioDataRegs        
1     00006fe0  _GpioIntRegs         
1     00007010  _SysCtrlRegs         
1     00007070  _XIntruptRegs        
1     00007100  _AdcRegs             
1     0000c000  _CpuTimer1           
1     0000c004  _CpuTimer2           
1     0000c008  _CpuTimer0           
1     0000c00c  _ClickedNumber       
1     0000c00d  _Trigger             
1     0000c00e  _Tick                
1     0000c00f  _SavedTick           
1     0000c010  _Mode                
1     0000c012  ___TI_cleanup_ptr    
1     0000c014  ___TI_dtors_ptr      
1     0000c016  __lock               
1     0000c018  __unlock             
1     0000d000  _PieVectTableInit    
1     0033fff8  _CsmPwl              
abs   00000300  __STACK_SIZE         
abs   ffffffff  ___binit__           
abs   ffffffff  ___c_args__          
abs   ffffffff  ___pinit__           
abs   ffffffff  binit                
abs   ffffffff  pinit                

[157 symbols]
